[backblue.gif]
[fade.gif]
[index.html]
[markdionniebulingit.test/wp-content/uploads/2024/04/mark-dionnie-bulingit.png]
[markdionniebulingit.test/feed/index.html]
[markdionniebulingit.test/comments/feed/index.html]
[markdionniebulingit.test/wp-content/plugins/elementor/assets/lib/font-awesome/js/v4-shims.mince8e.js]
[markdionniebulingit.test/wp-json/index.html]
[markdionniebulingit.test/wp-json/wp/v2/pages/7.json]
[markdionniebulingit.test/xmlrpc0db0.php]
[markdionniebulingit.test/wp-json/oembed/1.0/embed7ae3.json]
[markdionniebulingit.test/wp-json/oembed/1.0/embedcc9d]
[markdionniebulingit.test/wp-content/uploads/2024/04/mark-dionnie-bulingit-150x150.png]
[markdionniebulingit.test/wp-content/uploads/2024/04/mark-dionnie-bulingit-300x300.png]
[markdionniebulingit.test/wp-content/uploads/2024/04/Mark-Dionnie-Bulingit-Wordpress-Developer-Resume.pdf]
[markdionniebulingit.test/wp-content/uploads/2024/04/a1loanhub-loan-application-website.jpg]
[markdionniebulingit.test/wp-content/uploads/2024/04/handlebar-manila-restaurant-website.jpg]
[markdionniebulingit.test/wp-content/uploads/2024/04/shawarma-house-ph-franchise-website.png]
[markdionniebulingit.test/wp-content/uploads/2024/04/national-care-centre-website.png]
[markdionniebulingit.test/wp-content/uploads/2024/04/dynaquest-it-and-blockchain-website.png]
[markdionniebulingit.test/wp-content/uploads/2024/04/trade-global-distribution-ecommerce-website.png]
[markdionniebulingit.test/wp-content/uploads/2024/04/national-brokers-network-real-estate-listing-website.png]
[markdionniebulingit.test/wp-content/uploads/2024/04/the-melanesian-hotel-booking-website.png]
[markdionniebulingit.test/wp-content/uploads/2024/04/ezy-workforce-and-education-program-study-in-australia-website.jpg]
[markdionniebulingit.test/wp-content/uploads/2024/04/ezy-outsourcing-hub-onshore-and-offshore-outsourcing-website.png]
[markdionniebulingit.test/wp-content/uploads/2024/04/evolved-roofing-roofing-services-website.png]
[markdionniebulingit.test/wp-content/uploads/2024/04/mjd-homes-construction-website.png]
[markdionniebulingit.test/wp-content/uploads/2024/04/evantra-energy-saving-techonology-website.png]
[markdionniebulingit.test/wp-content/uploads/2024/04/cloupas-ecommerce-clothing-website.png]
[markdionniebulingit.test/wp-content/uploads/2024/04/dionniebee-jollibee-clone-app-made-in-flutter.png]
[markdionniebulingit.test/wp-content/uploads/2024/04/digicard-digital-card-for-businesses-made-with-flutter-1024x517.png]
[markdionniebulingit.test/wp-content/uploads/2024/04/ezy-outsourcinghub-company-logo.webp]
[markdionniebulingit.test/wp-content/uploads/2024/04/aktus-company-logo.webp]
[markdionniebulingit.test/wp-content/uploads/2024/04/polytechnic-university-of-the-philippines-logo.webp]
[markdionniebulingit.test/wp-content/uploads/2024/04/pasig-city-logo.png]
[markdionniebulingit.test/wp-content/uploads/2024/04/rino-de-boer-living-with-pixels-elementor.jpg]
[markdionniebulingit.test/wp-content/uploads/2024/04/paul-c-wptuts.jpg]
[markdionniebulingit.test/wp-content/uploads/2024/04/ali-alaa-wordpress-theme-development.jpg]
[markdionniebulingit.test/wp-content/uploads/2024/04/dane-mackier-cross-platform-app-development-filledstacks.webp]
[markdionniebulingit.test/wp-content/themes/hello-elementor/assets/js/hello-frontend.min41fe.js]
[markdionniebulingit.test/wp-includes/js/imagesloaded.minbb93.js]
[markdionniebulingit.test/wp-content/plugins/elementor-pro/assets/js/webpack-pro.runtime.minc226.js]
[markdionniebulingit.test/wp-content/plugins/elementor/assets/js/webpack.runtime.mince8e.js]
[markdionniebulingit.test/wp-includes/js/jquery/jquery.minf43b.js]
[markdionniebulingit.test/wp-includes/js/jquery/jquery-migrate.min5589.js]
[markdionniebulingit.test/wp-content/plugins/elementor/assets/js/frontend-modules.mince8e.js]
[markdionniebulingit.test/wp-includes/js/dist/vendor/wp-polyfill-inert.min0226.js]
[markdionniebulingit.test/wp-includes/js/dist/vendor/regenerator-runtime.min6c85.js]
[markdionniebulingit.test/wp-includes/js/dist/vendor/wp-polyfill.min2c7c.js]
[markdionniebulingit.test/wp-includes/js/dist/hooks.min2757.js]
[markdionniebulingit.test/wp-includes/js/dist/i18n.minc33c.js]
[markdionniebulingit.test/wp-content/plugins/elementor-pro/assets/js/frontend.minc226.js]
[markdionniebulingit.test/wp-content/plugins/elementor/assets/lib/waypoints/waypoints.min05da.js]
[markdionniebulingit.test/wp-includes/js/jquery/ui/core.min3f14.js]
[markdionniebulingit.test/wp-content/plugins/elementor/assets/js/frontend.mince8e.js]
[markdionniebulingit.test/wp-content/plugins/elementor-pro/assets/js/elements-handlers.minc226.js]
[markdionniebulingit.test/index.html]
[markdionniebulingit.test/wp-content/plugins/elementor-pro/assets/lib/sticky/jquery.sticky.minc226.js]
[fonts.googleapis.com/css2079.css]
[fonts.gstatic.com/index.html]
[markdionniebulingit.test/wp-content/themes/hello-elementor/style.min41fe.css]
[markdionniebulingit.test/wp-content/themes/hello-elementor/theme.min41fe.css]
[markdionniebulingit.test/wp-content/themes/hello-elementor/header-footer.min41fe.css]
[markdionniebulingit.test/wp-json/index.html]
[markdionniebulingit.test/wp-content/plugins/elementor/assets/css/frontend-lite.mince8e.css]
[markdionniebulingit.test/wp-json/wp/v2/pages/7.json]
[markdionniebulingit.test/wp-content/uploads/elementor/css/post-63dd8.css]
[markdionniebulingit.test/wp-content/plugins/elementor/assets/css/modules/lazyload/frontend.mince8e.css]
[markdionniebulingit.test/wp-content/plugins/elementor/assets/lib/swiper/v8/css/swiper.min94a4.css]
[markdionniebulingit.test/wp-content/plugins/elementor-pro/assets/css/frontend-lite.minc226.css]
[markdionniebulingit.test/wp-content/plugins/elementor/assets/lib/font-awesome/webfonts/fa-brands-400.eot]
[markdionniebulingit.test/wp-content/plugins/elementor/assets/lib/font-awesome/webfonts/fa-brands-400d41d.eot]
[markdionniebulingit.test/wp-content/plugins/elementor/assets/lib/font-awesome/webfonts/fa-brands-400.woff2]
[markdionniebulingit.test/wp-content/plugins/elementor/assets/lib/font-awesome/webfonts/fa-brands-400.woff]
[markdionniebulingit.test/wp-content/plugins/elementor/assets/lib/font-awesome/webfonts/fa-brands-400.ttf]
[markdionniebulingit.test/wp-content/plugins/elementor/assets/lib/font-awesome/webfonts/fa-regular-400.eot]
[markdionniebulingit.test/wp-content/plugins/elementor/assets/lib/font-awesome/webfonts/fa-regular-400d41d.eot]
[markdionniebulingit.test/wp-content/plugins/elementor/assets/lib/font-awesome/webfonts/fa-regular-400.woff2]
[markdionniebulingit.test/wp-content/plugins/elementor/assets/lib/font-awesome/webfonts/fa-regular-400.woff]
[markdionniebulingit.test/wp-content/plugins/elementor/assets/lib/font-awesome/webfonts/fa-regular-400.ttf]
[markdionniebulingit.test/wp-content/plugins/elementor/assets/lib/font-awesome/webfonts/fa-solid-900.eot]
[markdionniebulingit.test/wp-content/plugins/elementor/assets/lib/font-awesome/webfonts/fa-solid-900.woff2]
[markdionniebulingit.test/wp-content/plugins/elementor/assets/lib/font-awesome/webfonts/fa-solid-900.woff]
[markdionniebulingit.test/wp-content/plugins/elementor/assets/lib/font-awesome/webfonts/fa-solid-900.ttf]
[markdionniebulingit.test/wp-content/plugins/elementor/assets/lib/font-awesome/css/all.mince8e.css]
[markdionniebulingit.test/wp-content/plugins/elementor/assets/lib/font-awesome/css/v4-shims.mince8e.css]
[markdionniebulingit.test/wp-content/uploads/elementor/css/global4622.css]
[markdionniebulingit.test/wp-content/uploads/elementor/css/post-73c7a.css]
[markdionniebulingit.test/wp-content/plugins/elementor/assets/css/widget-icon-list.min.css]
[markdionniebulingit.test/wp-content/plugins/elementor-pro/assets/css/widget-loop-builder.min.css]
[markdionniebulingit.test/wp-content/uploads/2024/04/MonoLisa-Black.html]
[markdionniebulingit.test/wp-content/uploads/2024/04/MonoLisa-BlackItalic.html]
[markdionniebulingit.test/wp-content/uploads/2024/04/MonoLisa-Bold.html]
[markdionniebulingit.test/wp-content/uploads/2024/04/MonoLisa-BoldItalic.html]
[markdionniebulingit.test/wp-content/uploads/2024/04/MonoLisa-Light.html]
[markdionniebulingit.test/wp-content/uploads/2024/04/MonoLisa-LightItalic.html]
[markdionniebulingit.test/wp-content/uploads/2024/04/MonoLisa-Thin.html]
[markdionniebulingit.test/wp-content/uploads/2024/04/MonoLisa-ThinItalic.html]
[markdionniebulingit.test/wp-content/uploads/2024/04/MonoLisa-ExtraLight.html]
[markdionniebulingit.test/wp-content/uploads/2024/04/MonoLisa-ExtraLightItalic.html]
[markdionniebulingit.test/wp-content/uploads/2024/04/MonoLisa-Medium.html]
[markdionniebulingit.test/wp-content/uploads/2024/04/MonoLisa-MediumItalic.html]
[markdionniebulingit.test/wp-content/uploads/2024/04/MonoLisa-Regular.html]
[markdionniebulingit.test/wp-content/uploads/2024/04/MonoLisa-RegularItalic.html]
[markdionniebulingit.test/wp-content/plugins/elementor/assets/lib/font-awesome/webfonts/fa-brands-400.svg]
[markdionniebulingit.test/wp-content/plugins/elementor/assets/lib/font-awesome/webfonts/fa-solid-900d41d.eot]
[markdionniebulingit.test/wp-content/plugins/elementor/assets/lib/font-awesome/webfonts/fa-regular-400.svg]
[markdionniebulingit.test/wp-content/plugins/elementor/assets/lib/font-awesome/webfonts/fa-solid-900.svg]
